[peta] 학습대상 이미지 18986 / device cuda
[peta] train 17381 / val 1605 (인물 8691명)
  ep   1  gender 0.844  upper 0.628  lower 0.554  mean 0.675
  ep   2  gender 0.846  upper 0.662  lower 0.631  mean 0.713
  ep   3  gender 0.857  upper 0.648  lower 0.627  mean 0.711
  ep   4  gender 0.872  upper 0.634  lower 0.612  mean 0.706
  ep   5  gender 0.855  upper 0.699  lower 0.672  mean 0.742
  ep   6  gender 0.855  upper 0.697  lower 0.692  mean 0.748
  ep   7  gender 0.864  upper 0.709  lower 0.707  mean 0.760
  ep   8  gender 0.865  upper 0.702  lower 0.717  mean 0.762
  ep   9  gender 0.860  upper 0.693  lower 0.713  mean 0.755
  ep  10  gender 0.891  upper 0.710  lower 0.723  mean 0.775
  ep  11  gender 0.874  upper 0.695  lower 0.684  mean 0.751
  ep  12  gender 0.883  upper 0.680  lower 0.697  mean 0.753
  ep  13  gender 0.878  upper 0.691  lower 0.718  mean 0.762
  ep  14  gender 0.855  upper 0.713  lower 0.717  mean 0.762
  ep  15  gender 0.898  upper 0.697  lower 0.702  mean 0.765
  ep  16  gender 0.862  upper 0.686  lower 0.704  mean 0.751
  ep  17  gender 0.881  upper 0.712  lower 0.726  mean 0.773
  ep  18  gender 0.900  upper 0.716  lower 0.703  mean 0.773
  ep  19  gender 0.887  upper 0.724  lower 0.694  mean 0.768
  ep  20  gender 0.892  upper 0.703  lower 0.735  mean 0.777
  ep  21  gender 0.850  upper 0.688  lower 0.720  mean 0.753
  ep  22  gender 0.886  upper 0.692  lower 0.708  mean 0.762
  ep  23  gender 0.880  upper 0.692  lower 0.703  mean 0.758
  ep  24  gender 0.881  upper 0.713  lower 0.698  mean 0.764
  ep  25  gender 0.885  upper 0.725  lower 0.720  mean 0.777
[peta] 완료. best mean_acc=0.777 -> weights/color_par_v2_peta_resnet50.pt
